---
source: crates/bindings/tests/deps.rs
expression: cargo tree -p spacetimedb -e no-dev -d --depth 0
---
heck v0.4.1

heck v0.5.0
